au.com.origin.snapshots.jackson.serializers.JacksonSnapshotSerializerTest.shouldSerializeDifferentTypes=[
  {
    "anObject": { },
    "aByte": 65,
    "aShort": 32767,
    "anInt": 2147483647,
    "aLong": 9223372036854775807,
    "aBigDecimal": 100,
    "aFloat": 0.1234567,
    "aDouble": 1.123456789123456,
    "aBoolean": true,
    "aChar": "A",
    "string": "Hello World",
    "date": "2020-10-19T22:21:07.103+00:00",
    "localDate": "2020-10-19",
    "localDateTime": "2020-10-19T22:21:07.103",
    "zonedDateTime": "2020-04-19T22:21:07.103+10:00[Australia/Melbourne]",
    "anEnum": "A",
    "presentOptional": "Hello World",
    "emptyOptional": null,
    "stringArray": [
      "f",
      "a",
      "d",
      "e",
      "g",
      "b",
      "c"
    ],
    "anEnumArray": [
      "F",
      "A",
      "D",
      "E",
      "G",
      "B",
      "C"
    ],
    "hashMap": {
      "a": 97,
      "b": 98,
      "c": 99,
      "d": 100,
      "e": 101,
      "f": 102,
      "g": 103
    },
    "treeMap": {
      "a": 97,
      "b": 98,
      "c": 99,
      "d": 100,
      "e": 101,
      "f": 102,
      "g": 103
    },
    "linkedHashMap": {
      "a": 97,
      "b": 98,
      "c": 99,
      "d": 100,
      "e": 101,
      "f": 102,
      "g": 103
    },
    "linkedHashSet": [
      "f",
      "a",
      "d",
      "e",
      "g",
      "b",
      "c"
    ],
    "hashSet": [
      "a",
      "b",
      "c",
      "d",
      "e",
      "f",
      "g"
    ],
    "treeSet": [
      "a",
      "b",
      "c",
      "d",
      "e",
      "f",
      "g"
    ],
    "arrayList": [
      "f",
      "a",
      "d",
      "e",
      "g",
      "b",
      "c"
    ],
    "linkedList": [
      "f",
      "a",
      "d",
      "e",
      "g",
      "b",
      "c"
    ],
    "listOfCollections": [
      {
        "a": 97,
        "b": 98,
        "c": 99,
        "d": 100,
        "e": 101,
        "f": 102,
        "g": 103
      },
      [
        "f",
        "a",
        "d",
        "e",
        "g",
        "b",
        "c"
      ],
      [
        "f",
        "a",
        "d",
        "e",
        "g",
        "b",
        "c"
      ]
    ]
  }
]