au.com.origin.snapshots.SnapshotRuleUsedTest.shouldUseExtension=[
Hello World
]


au.com.origin.snapshots.SnapshotRuleUsedTest.shouldUseExtensionAgain=[
Hello World
Hello World Again
]


au.com.origin.snapshots.SnapshotRuleUsedTest.shouldUseExtensionAgainViaInstanceVariable=[
Hello World
Hello World Again
]


au.com.origin.snapshots.SnapshotRuleUsedTest.shouldUseExtensionViaInstanceVariable=[
Hello World
]


hello_world=[
Hello World
]


hello_world_again=[
Hello World
Hello World Again
]