should_use_extension=[
Hello World
]


should_use_extension_as_method_argument=[
Hello World
]
