au.com.origin.snapshots.docs.CustomSnapshotConfigExample.myTest=hello world