au.com.origin.snapshots.docs.MyFirstSnapshotTest.jsonSerializationTest=[
  {
    "age": 40,
    "name": "John Doe"
  }
]


i_can_give_custom_names_to_my_snapshots=[
Hello World
]