au.com.origin.snapshots.DebugSnapshotLineEndingsTest.existingSnapshotDifferentLineEndings=[
a
b
]