au.com.origin.snapshots.DebugSnapshotTest.createDebugFile=[
Good Snapshot
]


au.com.origin.snapshots.DebugSnapshotTest.debugFileCreatedSnapshotMatch=[
Good Snapshot
]


au.com.origin.snapshots.DebugSnapshotTest.debugFileCreatedExistingSnapshot=[
Good Snapshot
]