au.com.origin.snapshots.SnapshotHeaders.shouldBeAbleToSnapshotASingleCustomHeader={
  "custom": "anything",
  "custom2": "anything2"
}hello world


au.com.origin.snapshots.SnapshotHeaders.shouldBeAbleToSnapshotMultipleCustomHeader={
  "custom": "anything",
  "custom2": "anything2"
}hello world