au.com.origin.snapshots.BaseClassTest$NestedClass.helloWorldTest=[
Hello World
]