au.com.origin.snapshots.ExtendsSnapshotTestBaseTest.test=[
OK
]